traffic_1.c:10:13:LED_RED_1	8	static
traffic_1.c:16:13:LED_GREEN_1	8	static
traffic_1.c:22:13:LED_YELLOW_1	8	static
traffic_2.c:9:13:LED_RED_2	8	static
traffic_2.c:15:13:LED_GREEN_2	8	static
traffic_2.c:21:13:LED_YELLOW_2	8	static
component.c:4:13:Khong	8	static
component.c:14:13:Mot	8	static
component.c:24:13:Hai	8	static
component.c:34:13:Ba	8	static
component.c:44:13:Bon	8	static
component.c:54:13:Nam	8	static
component.c:64:13:Sau	8	static
component.c:74:13:Bay	8	static
component.c:84:13:Tam	8	static
component.c:94:13:Chin	8	static
component.c:104:13:display7SEG	16	static
component_1.c:10:13:Khong_1	8	static
component_1.c:20:13:Mot_1	8	static
component_1.c:30:13:Hai_1	8	static
component_1.c:40:13:Ba_1	8	static
component_1.c:50:13:Bon_1	8	static
component_1.c:60:13:Nam_1	8	static
component_1.c:70:13:Sau_1	8	static
component_1.c:80:13:Bay_1	8	static
component_1.c:90:13:Tam_1	8	static
component_1.c:100:13:Chin_1	8	static
component_1.c:110:13:display7SEG_1	16	static
main.c:67:5:main	32	static
main.c:159:6:SystemClock_Config	72	static
main.c:195:13:MX_GPIO_Init	32	static
main.c:245:6:Error_Handler	4	static,ignoring_inline_asm
